<html>
<body>
<pre>
<h1>µVision Build Log</h1>
<h2>Tool Versions:</h2>
IDE-Version: µVision V5.29.0.0
Copyright (C) 2019 ARM Ltd and ARM Germany GmbH. All rights reserved.
License Information: s/a s/a, s/a, LIC=W96CK-ZCNDK-PH489-4FG0K-D2AWR-TALXU
 
Tool Versions:
Toolchain:       MDK-ARM Professional  Version: 5.29.0.0
Toolchain Path:  C:\Keil_v5\ARM\ARMCC\Bin
C Compiler:      Armcc.exe V5.06 update 6 (build 750)
Assembler:       Armasm.exe V5.06 update 6 (build 750)
Linker/Locator:  ArmLink.exe V5.06 update 6 (build 750)
Library Manager: ArmAr.exe V5.06 update 6 (build 750)
Hex Converter:   FromElf.exe V5.06 update 6 (build 750)
CPU DLL:         SARMCM3.DLL V5.29.0.0
Dialog DLL:      DCM.DLL V1.17.3.0
Target DLL:      STLink\ST-LINKIII-KEIL_SWO.dll V3.0.7.0
Dialog DLL:      TCM.DLL V1.36.5.0
 
<h2>Project:</h2>
C:\Users\emrec\Desktop\cubemx_workspace\son\MDK-ARM\son.uvprojx
Project File Date:  12/21/2021

<h2>Output:</h2>
*** Using Compiler 'V5.06 update 6 (build 750)', folder: 'C:\Keil_v5\ARM\ARMCC\Bin'
Rebuild target 'son'
assembling startup_stm32f407xx.s...
compiling delay.c...
compiling stm32f4xx_hal_flash_ex.c...
compiling stm32f4xx_hal_flash.c...
compiling stm32f4xx_it.c...
compiling stm32f4xx_hal_msp.c...
compiling stm32f4xx_hal_adc_ex.c...
compiling main.c...
../Src/main.c(167): warning:  #223-D: function "MFRC522_Init" declared implicitly
  	MFRC522_Init();
../Src/main.c(179): warning:  #223-D: function "Read_MFRC522" declared implicitly
    status = Read_MFRC522(0x37);
../Src/main.c(199): warning:  #167-D: argument of type "char *" is incompatible with parameter of type "uint8_t *"
  	  status = MFRC522_Request(PICC_REQIDL, cardstr);
../Src/main.c(170): warning:  #177-D: variable "card_data"  was declared but never referenced
    char card_data[17];
../Src/main.c(171): warning:  #177-D: variable "delay_val"  was declared but never referenced
    uint32_t delay_val = 1000; //ms
../Src/main.c(172): warning:  #177-D: variable "result"  was declared but never referenced
    uint16_t result = 0;
../Src/main.c(173): warning:  #177-D: variable "UID"  was declared but never referenced
    char UID[5];
../Src/main.c(175): warning:  #177-D: variable "Mx1"  was declared but never referenced
    char Mx1[7][5]={{0x12,0x45,0xF2,0xA8},{0xB2,0x6C,0x39,0x83},{0x55,0xE5,0xDA,0x18},
../Src/main.c(177): warning:  #177-D: variable "SectorKey"  was declared but never referenced
    char SectorKey[7];
../Src/main.c: 9 warnings, 0 errors
compiling MFRC522.c...
..\MFRC522.h(117): warning:  #1295-D: Deprecated declaration AntennaOn - give arg types
  void AntennaOn();
..\MFRC522.h(118): warning:  #1295-D: Deprecated declaration AntennaOff - give arg types
  void AntennaOff();
..\MFRC522.h(119): warning:  #1295-D: Deprecated declaration MFRC522_Reset - give arg types
  void MFRC522_Reset();
..\MFRC522.h(120): warning:  #1295-D: Deprecated declaration MFRC522_Init - give arg types
  void MFRC522_Init();
..\MFRC522.h(129): warning:  #1295-D: Deprecated declaration MFRC522_Halt - give arg types
  void MFRC522_Halt();
..\MFRC522.c(33): warning:  #167-D: argument of type "char *" is incompatible with parameter of type "uint8_t *"
    HAL_SPI_Transmit(&hspi1, &addr_bits, 1, 500);
..\MFRC522.c(34): warning:  #167-D: argument of type "char *" is incompatible with parameter of type "uint8_t *"
    HAL_SPI_Transmit(&hspi1, &val, 1, 500);
..\MFRC522.c(68): warning:  #167-D: argument of type "char *" is incompatible with parameter of type "uint8_t *"
  	HAL_SPI_Transmit(&hspi1, &addr_bits, 1, 500);
..\MFRC522.c(70): warning:  #167-D: argument of type "char *" is incompatible with parameter of type "uint8_t *"
    HAL_SPI_Receive(&hspi1, &rx_bits, 1, 500);
..\MFRC522.c(555): warning:  #550-D: variable "status"  was set but never used
    char status;
..\MFRC522.c: 10 warnings, 0 errors
compiling stm32f4xx_hal_rcc_ex.c...
compiling stm32f4xx_hal_adc.c...
compiling stm32f4xx_hal_rcc.c...
compiling stm32f4xx_hal_gpio.c...
compiling stm32f4xx_hal_flash_ramfunc.c...
compiling stm32f4xx_hal_tim.c...
compiling stm32f4xx_hal_exti.c...
compiling stm32f4xx_hal_pwr.c...
compiling stm32f4xx_hal_cortex.c...
compiling stm32f4xx_hal.c...
compiling stm32f4xx_hal_uart.c...
compiling stm32f4xx_hal_dma_ex.c...
compiling stm32f4xx_hal_pwr_ex.c...
compiling stm32f4xx_hal_dma.c...
compiling stm32f4xx_hal_tim_ex.c...
compiling stm32f4xx_hal_spi.c...
compiling system_stm32f4xx.c...
linking...
Program Size: Code=12324 RO-data=484 RW-data=40 ZI-data=1808  
FromELF: creating hex file...
"son\son.axf" - 0 Error(s), 19 Warning(s).

<h2>Software Packages used:</h2>

Package Vendor: ARM
                http://www.keil.com/pack/ARM.CMSIS.5.6.0.pack
                ARM.CMSIS.5.6.0
                CMSIS (Cortex Microcontroller Software Interface Standard)
   * Component: CORE Version: 5.3.0

Package Vendor: Keil
                http://www.keil.com/pack/Keil.STM32F4xx_DFP.2.15.0.pack
                Keil.STM32F4xx_DFP.2.15.0
                STMicroelectronics STM32F4 Series Device Support, Drivers and Examples

<h2>Collection of Component include folders:</h2>
  .\RTE\_son
  C:\Users\emrec\AppData\Local\Arm\Packs\ARM\CMSIS\5.6.0\CMSIS\Core\Include
  C:\Users\emrec\AppData\Local\Arm\Packs\Keil\STM32F4xx_DFP\2.15.0\Drivers\CMSIS\Device\ST\STM32F4xx\Include

<h2>Collection of Component Files used:</h2>

   * Component: ARM::CMSIS:CORE:5.3.0
Build Time Elapsed:  00:00:14
</pre>
</body>
</html>
